
Running 2 tests using 1 worker

Step 1: Navigating to application...

=== Landing Page ===
URL: http://localhost:4200/#/passport/login
Title: Login - NG-ALAIN
Current URL: http://localhost:4200/#/passport/login
Step 2: On login page, attempting to login...
Filled email: ac7x@pm.me
Filled password
Clicked login button

=== After Login ===
URL: http://localhost:4200/#/passport/login
Title: Login - NG-ALAIN
Step 3: Navigating to blueprint list...
Navigation attempt failed: Error: page.click: Test timeout of 30000ms exceeded.
Call log:
[2m  - waiting for locator('text=藍圖')[22m

Navigation attempt failed: Error: page.click: Target page, context or browser has been closed
Navigation attempt failed: Error: page.click: Target page, context or browser has been closed
Could not navigate to blueprint list, trying direct URL...
  ✘  1 [chromium] › tests/blueprint-exploration.spec.ts:47:7 › Blueprint Functionality Exploration › Complete Blueprint Workflow - Login and Explore (31.5s)
Step 1: Navigating to application...

=== Landing Page ===
URL: http://localhost:4200/#/passport/login
Title: Login - NG-ALAIN
Current URL: http://localhost:4200/#/passport/login
Step 2: On login page, attempting to login...
Filled email: ac7x@pm.me
Filled password
Clicked login button

=== After Login ===
URL: http://localhost:4200/#/passport/login
Title: Login - NG-ALAIN
Step 3: Navigating to blueprint list...
Navigation attempt failed: Error: page.click: Test timeout of 30000ms exceeded.
Call log:
[2m  - waiting for locator('text=藍圖')[22m

Navigation attempt failed: Error: page.click: Target page, context or browser has been closed
Navigation attempt failed: Error: page.click: Target page, context or browser has been closed
Could not navigate to blueprint list, trying direct URL...
  ✘  2 [chromium] › tests/blueprint-exploration.spec.ts:47:7 › Blueprint Functionality Exploration › Complete Blueprint Workflow - Login and Explore (retry #1) (31.5s)
Step 1: Navigating to application...

=== Landing Page ===
URL: http://localhost:4200/#/passport/login
Title: Login - NG-ALAIN
Current URL: http://localhost:4200/#/passport/login
Step 2: On login page, attempting to login...
Filled email: ac7x@pm.me
Filled password
Clicked login button

=== After Login ===
URL: http://localhost:4200/#/passport/login
Title: Login - NG-ALAIN
Step 3: Navigating to blueprint list...
Navigation attempt failed: Error: page.click: Test timeout of 30000ms exceeded.
Call log:
[2m  - waiting for locator('text=藍圖')[22m

Navigation attempt failed: Error: page.click: Target page, context or browser has been closed
Navigation attempt failed: Error: page.click: Target page, context or browser has been closed
Could not navigate to blueprint list, trying direct URL...
  ✘  3 [chromium] › tests/blueprint-exploration.spec.ts:47:7 › Blueprint Functionality Exploration › Complete Blueprint Workflow - Login and Explore (retry #2) (31.5s)

=== Detailed UI Component Analysis Test ===

Comprehensive UI Element Detection:
Navigation          :   0 elements
Header              :   0 elements
Sidebar             :   0 elements
Content             :   0 elements
Footer              :   0 elements
Buttons             :   1 elements
Inputs              :   3 elements
Tables              :   0 elements
Cards               :   0 elements
Modals              :   0 elements
Dropdowns           :   0 elements
Tooltips            :   0 elements
Alerts              :   0 elements
Forms               :   1 elements
Tabs                :   0 elements
Pagination          :   0 elements

Visible Text Content (first 50 elements):
  [1] Remember me
  [2] Forgot your password?
  [3] Login
  [4] Sign up
  [5] 帮助
  [6] 隐私
  [7] 条款
  [8] 卡色
  [9] ●
  [10] ●
  [11] ●
  [12] ●
  [13] ●
  [14] ●

Links on the page (first 30):
  [1] #/passport/register - "Forgot your password?"
  [2] #/passport/register - "Sign up"
  [3] //github.com/cipchk - "卡色"

=== UI Analysis Complete ===
  ✓  4 [chromium] › tests/blueprint-exploration.spec.ts:329:7 › Blueprint Functionality Exploration › Detailed UI Component Analysis (7.5s)


  1) [chromium] › tests/blueprint-exploration.spec.ts:47:7 › Blueprint Functionality Exploration › Complete Blueprint Workflow - Login and Explore 

    [31mTest timeout of 30000ms exceeded.[39m

    Error: page.goto: Target page, context or browser has been closed

      118 |     if (!navigationSuccessful) {
      119 |       console.log('Could not navigate to blueprint list, trying direct URL...');
    > 120 |       await page.goto('/blueprint/list');
          |                  ^
      121 |       await page.waitForLoadState('networkidle');
      122 |     }
      123 |
        at /home/runner/work/gighub-master/gighub-master/tests/blueprint-exploration.spec.ts:120:18

    attachment #1: screenshot (image/png) ──────────────────────────────────────────────────────────
    test-results/blueprint-exploration-Blue-04f76-orkflow---Login-and-Explore-chromium/test-failed-1.png
    ────────────────────────────────────────────────────────────────────────────────────────────────

    attachment #2: video (video/webm) ──────────────────────────────────────────────────────────────
    test-results/blueprint-exploration-Blue-04f76-orkflow---Login-and-Explore-chromium/video.webm
    ────────────────────────────────────────────────────────────────────────────────────────────────

    Error Context: test-results/blueprint-exploration-Blue-04f76-orkflow---Login-and-Explore-chromium/error-context.md

    attachment #4: trace (application/zip) ─────────────────────────────────────────────────────────
    test-results/blueprint-exploration-Blue-04f76-orkflow---Login-and-Explore-chromium/trace.zip
    Usage:

        npx playwright show-trace test-results/blueprint-exploration-Blue-04f76-orkflow---Login-and-Explore-chromium/trace.zip

    ────────────────────────────────────────────────────────────────────────────────────────────────

    Retry #1 ───────────────────────────────────────────────────────────────────────────────────────

    [31mTest timeout of 30000ms exceeded.[39m

    Error: page.goto: Target page, context or browser has been closed

      118 |     if (!navigationSuccessful) {
      119 |       console.log('Could not navigate to blueprint list, trying direct URL...');
    > 120 |       await page.goto('/blueprint/list');
          |                  ^
      121 |       await page.waitForLoadState('networkidle');
      122 |     }
      123 |
        at /home/runner/work/gighub-master/gighub-master/tests/blueprint-exploration.spec.ts:120:18

    attachment #1: screenshot (image/png) ──────────────────────────────────────────────────────────
    test-results/blueprint-exploration-Blue-04f76-orkflow---Login-and-Explore-chromium-retry1/test-failed-1.png
    ────────────────────────────────────────────────────────────────────────────────────────────────

    attachment #2: video (video/webm) ──────────────────────────────────────────────────────────────
    test-results/blueprint-exploration-Blue-04f76-orkflow---Login-and-Explore-chromium-retry1/video.webm
    ────────────────────────────────────────────────────────────────────────────────────────────────

    Error Context: test-results/blueprint-exploration-Blue-04f76-orkflow---Login-and-Explore-chromium-retry1/error-context.md

    attachment #4: trace (application/zip) ─────────────────────────────────────────────────────────
    test-results/blueprint-exploration-Blue-04f76-orkflow---Login-and-Explore-chromium-retry1/trace.zip
    Usage:

        npx playwright show-trace test-results/blueprint-exploration-Blue-04f76-orkflow---Login-and-Explore-chromium-retry1/trace.zip

    ────────────────────────────────────────────────────────────────────────────────────────────────

    Retry #2 ───────────────────────────────────────────────────────────────────────────────────────

    [31mTest timeout of 30000ms exceeded.[39m

    Error: page.goto: Target page, context or browser has been closed

      118 |     if (!navigationSuccessful) {
      119 |       console.log('Could not navigate to blueprint list, trying direct URL...');
    > 120 |       await page.goto('/blueprint/list');
          |                  ^
      121 |       await page.waitForLoadState('networkidle');
      122 |     }
      123 |
        at /home/runner/work/gighub-master/gighub-master/tests/blueprint-exploration.spec.ts:120:18

    attachment #1: screenshot (image/png) ──────────────────────────────────────────────────────────
    test-results/blueprint-exploration-Blue-04f76-orkflow---Login-and-Explore-chromium-retry2/test-failed-1.png
    ────────────────────────────────────────────────────────────────────────────────────────────────

    attachment #2: video (video/webm) ──────────────────────────────────────────────────────────────
    test-results/blueprint-exploration-Blue-04f76-orkflow---Login-and-Explore-chromium-retry2/video.webm
    ────────────────────────────────────────────────────────────────────────────────────────────────

    Error Context: test-results/blueprint-exploration-Blue-04f76-orkflow---Login-and-Explore-chromium-retry2/error-context.md

    attachment #4: trace (application/zip) ─────────────────────────────────────────────────────────
    test-results/blueprint-exploration-Blue-04f76-orkflow---Login-and-Explore-chromium-retry2/trace.zip
    Usage:

        npx playwright show-trace test-results/blueprint-exploration-Blue-04f76-orkflow---Login-and-Explore-chromium-retry2/trace.zip

    ────────────────────────────────────────────────────────────────────────────────────────────────

  1 failed
    [chromium] › tests/blueprint-exploration.spec.ts:47:7 › Blueprint Functionality Exploration › Complete Blueprint Workflow - Login and Explore 
  1 passed (1.8m)
